| #include directives | 2 |
| calls | 2 |
| calls with a target | 1 |
| compilation units | 2 |
| compilation units without errors | 1 |
| compiler errors | 10 |
| expressions | 10 |
| expressions with a known type | 3 |
| functions | 8 |
| functions without errors | 6 |
| lines of code | 19 |
| lines of code without errors | 12 |
| lines of text | 24 |
| non-error expressions | 3 |
| source files | 3 |
| source files without errors | 2 |
| successfully resolved #include directives | 2 |
| syntax errors | 3 |
| variables | 10 |
| variables with a known type | 9 |
